
  .   ____          _            __ _ _
 /\\ / ___'_ __ _ _(_)_ __  __ _ \ \ \ \
( ( )\___ | '_ | '_| | '_ \/ _` | \ \ \ \
 \\/  ___)| |_)| | | | | || (_| |  ) ) ) )
  '  |____| .__|_| |_|_| |_\__, | / / / /
 =========|_|==============|___/=/_/_/_/

 :: Spring Boot ::               (v3.5.16)

2026-09-22T15:35:35.727+02:00  INFO 41736 --- [aether-backend] [           main] com.aether.backend.BackendApplication    : Starting BackendApplication v0.0.1-SNAPSHOT using Java 25.0.2 with PID 41736 (C:\Users\A952apulia\AETHER\aether-platform\backend\target\backend-0.0.1-SNAPSHOT.jar started by A952apulia in C:\Users\A952apulia\AETHER\aether-platform\backend)
2026-09-22T15:35:35.729+02:00  INFO 41736 --- [aether-backend] [           main] com.aether.backend.BackendApplication    : The following 1 profile is active: "dev"
2026-09-22T15:35:36.653+02:00  INFO 41736 --- [aether-backend] [           main] .s.d.r.c.RepositoryConfigurationDelegate : Bootstrapping Spring Data JPA repositories in DEFAULT mode.
2026-09-22T15:35:36.710+02:00  INFO 41736 --- [aether-backend] [           main] .s.d.r.c.RepositoryConfigurationDelegate : Finished Spring Data repository scanning in 49 ms. Found 8 JPA repository interfaces.
2026-09-22T15:35:37.173+02:00  INFO 41736 --- [aether-backend] [           main] o.s.b.w.embedded.tomcat.TomcatWebServer  : Tomcat initialized with port 8080 (http)
2026-09-22T15:35:37.185+02:00  INFO 41736 --- [aether-backend] [           main] o.apache.catalina.core.StandardService   : Starting service [Tomcat]
2026-09-22T15:35:37.186+02:00  INFO 41736 --- [aether-backend] [           main] o.apache.catalina.core.StandardEngine    : Starting Servlet engine: [Apache Tomcat/10.1.55]
2026-09-22T15:35:37.214+02:00  INFO 41736 --- [aether-backend] [           main] o.a.c.c.C.[Tomcat].[localhost].[/]       : Initializing Spring embedded WebApplicationContext
2026-09-22T15:35:37.215+02:00  INFO 41736 --- [aether-backend] [           main] w.s.c.ServletWebServerApplicationContext : Root WebApplicationContext: initialization completed in 1444 ms
2026-09-22T15:35:37.468+02:00  INFO 41736 --- [aether-backend] [           main] o.hibernate.jpa.internal.util.LogHelper  : HHH000204: Processing PersistenceUnitInfo [name: default]
2026-09-22T15:35:37.506+02:00  INFO 41736 --- [aether-backend] [           main] org.hibernate.Version                    : HHH000412: Hibernate ORM core version 6.6.53.Final
2026-09-22T15:35:37.529+02:00  INFO 41736 --- [aether-backend] [           main] o.h.c.internal.RegionFactoryInitiator    : HHH000026: Second-level cache disabled
2026-09-22T15:35:37.732+02:00  INFO 41736 --- [aether-backend] [           main] o.s.o.j.p.SpringPersistenceUnitInfo      : No LoadTimeWeaver setup: ignoring JPA class transformer
2026-09-22T15:35:37.760+02:00  INFO 41736 --- [aether-backend] [           main] com.zaxxer.hikari.HikariDataSource       : HikariPool-1 - Starting...
2026-09-22T15:35:38.549+02:00  INFO 41736 --- [aether-backend] [           main] com.zaxxer.hikari.pool.HikariPool        : HikariPool-1 - Added connection org.postgresql.jdbc.PgConnection@3f6906f4
2026-09-22T15:35:38.550+02:00  INFO 41736 --- [aether-backend] [           main] com.zaxxer.hikari.HikariDataSource       : HikariPool-1 - Start completed.
2026-09-22T15:35:38.885+02:00  INFO 41736 --- [aether-backend] [           main] org.hibernate.orm.connections.pooling    : HHH10001005: Database info:
	Database JDBC URL [Connecting through datasource 'HikariDataSource (HikariPool-1)']
	Database driver: undefined/unknown
	Database version: 17.6
	Autocommit mode: undefined/unknown
	Isolation level: undefined/unknown
	Minimum pool size: undefined/unknown
	Maximum pool size: undefined/unknown
2026-09-22T15:35:39.640+02:00  INFO 41736 --- [aether-backend] [           main] o.h.e.t.j.p.i.JtaPlatformInitiator       : HHH000489: No JTA platform available (set 'hibernate.transaction.jta.platform' to enable JTA platform integration)
2026-09-22T15:35:40.129+02:00  INFO 41736 --- [aether-backend] [           main] j.LocalContainerEntityManagerFactoryBean : Initialized JPA EntityManagerFactory for persistence unit 'default'
2026-09-22T15:35:40.557+02:00  WARN 41736 --- [aether-backend] [           main] JpaBaseConfiguration$JpaWebConfiguration : spring.jpa.open-in-view is enabled by default. Therefore, database queries may be performed during view rendering. Explicitly configure spring.jpa.open-in-view to disable this warning
2026-09-22T15:35:41.030+02:00  INFO 41736 --- [aether-backend] [           main] o.s.b.a.e.web.EndpointLinksResolver      : Exposing 2 endpoints beneath base path '/actuator'
2026-09-22T15:35:41.091+02:00  INFO 41736 --- [aether-backend] [           main] o.s.b.w.embedded.tomcat.TomcatWebServer  : Tomcat started on port 8080 (http) with context path '/'
2026-09-22T15:35:41.107+02:00  INFO 41736 --- [aether-backend] [           main] com.aether.backend.BackendApplication    : Started BackendApplication in 5.833 seconds (process running for 6.244)
